cat: ../init_commands.sh: No such file or directory
Pseudo-terminal will not be allocated because stdin is not a terminal.
Linux instance-1 4.9.0-6-amd64 #1 SMP Debian 4.9.88-1+deb9u1 (2018-05-07) x86_64

The programs included with the Debian GNU/Linux system are free software;
the exact distribution terms for each program are described in the
individual files in /usr/share/doc/*/copyright.

Debian GNU/Linux comes with ABSOLUTELY NO WARRANTY, to the extent
permitted by applicable law.
cat: ../init_commands.sh: No such file or directory
Pseudo-terminal will not be allocated because stdin is not a terminal.
Linux instance-1 4.9.0-6-amd64 #1 SMP Debian 4.9.88-1+deb9u1 (2018-05-07) x86_64

The programs included with the Debian GNU/Linux system are free software;
the exact distribution terms for each program are described in the
individual files in /usr/share/doc/*/copyright.

Debian GNU/Linux comes with ABSOLUTELY NO WARRANTY, to the extent
permitted by applicable law.
cat: /home/soumitra/Desktop/Study/Projects/GSOC/Scilab-gsoc/Machine_cloudmacros/init_commands.sh: No such file or directory
Pseudo-terminal will not be allocated because stdin is not a terminal.
Linux instance-1 4.9.0-6-amd64 #1 SMP Debian 4.9.88-1+deb9u1 (2018-05-07) x86_64

The programs included with the Debian GNU/Linux system are free software;
the exact distribution terms for each program are described in the
individual files in /usr/share/doc/*/copyright.

Debian GNU/Linux comes with ABSOLUTELY NO WARRANTY, to the extent
permitted by applicable law.
cat: /home/soumitra/Desktop/Study/Projects/GSOC/Scilab-gsoc/Machine_cloudmacros/init_commands.sh: No such file or directory
Pseudo-terminal will not be allocated because stdin is not a terminal.
Linux instance-1 4.9.0-6-amd64 #1 SMP Debian 4.9.88-1+deb9u1 (2018-05-07) x86_64

The programs included with the Debian GNU/Linux system are free software;
the exact distribution terms for each program are described in the
individual files in /usr/share/doc/*/copyright.

Debian GNU/Linux comes with ABSOLUTELY NO WARRANTY, to the extent
permitted by applicable law.
cat: /home/soumitra/Desktop/Study/Projects/GSOC/Scilab-gsoc/Machine_cloudmacros/init_commands.sh: No such file or directory
Pseudo-terminal will not be allocated because stdin is not a terminal.
Linux instance-1 4.9.0-6-amd64 #1 SMP Debian 4.9.88-1+deb9u1 (2018-05-07) x86_64

The programs included with the Debian GNU/Linux system are free software;
the exact distribution terms for each program are described in the
individual files in /usr/share/doc/*/copyright.

Debian GNU/Linux comes with ABSOLUTELY NO WARRANTY, to the extent
permitted by applicable law.
cat: /home/soumitra/Desktop/Study/Projects/GSOC/Scilab-gsoc/Machine_cloudmacros/init_commands.sh: No such file or directory
Pseudo-terminal will not be allocated because stdin is not a terminal.
Linux instance-1 4.9.0-6-amd64 #1 SMP Debian 4.9.88-1+deb9u1 (2018-05-07) x86_64

The programs included with the Debian GNU/Linux system are free software;
the exact distribution terms for each program are described in the
individual files in /usr/share/doc/*/copyright.

Debian GNU/Linux comes with ABSOLUTELY NO WARRANTY, to the extent
permitted by applicable law.
